// Jest Snapshot v1, https://goo.gl/fbAQLP

exports[`FavroiteRecipeCard should render correctly 1`] = `
<div
  className="col-md-4 card-space"
>
  <div
    className="card-deck"
  >
    <article
      className="card recipe-card"
    >
      <div
        className="my-recipe-img"
      >
        <img
          alt="recipe"
          className="card-img-top img-fluid recipe-card-img"
          src="https://firebasestorage.googleapis.com/v0/b/more-recipes-3be20.appspot.com/o/images%2F702446f3-a2c2-48c7-a9d1-af20be9281d7.jpeg?alt=media&token=1827adb2-4108-4939-9fe0-778e27dd5212"
        />
      </div>
      <div
        className="card-body"
      >
        <h3
          className="card-title"
        >
          <Link
            id="remove-link"
            onlyActiveOnIndex={false}
            style={Object {}}
            to="/recipes/27"
          >
            new recipe
          </Link>
        </h3>
      </div>
      <div>
        <div
          className="fav-btn"
        >
          <button
            className="btn btn-danger"
            data-for="favorite"
            data-tip={true}
            onClick={[Function]}
            type="button"
          >
            <i
              className="fa fa-trash-o fa-2x"
            />
          </button>
          <ReactTooltip
            id="favorite"
            insecure={true}
            place="top"
            resizeHide={true}
            type="dark"
            wrapper="div"
          >
            <span>
              Remove from favorites
            </span>
          </ReactTooltip>
        </div>
      </div>
    </article>
  </div>
</div>
`;
