// Jest Snapshot v1, https://goo.gl/fbAQLP

exports[`NotFound Component should render correctly 1`] = `
<div>
  <header>
    <nav
      className="navbar fixed-top navbar-expand-lg navbar-dark"
      style={
        Object {
          "backgroundColor": "#2b3034",
        }
      }
    >
      <a
        className="navbar-brand"
        href="/"
      >
        More-Recipes
      </a>
      <button
        aria-controls="navbarSupportedContent"
        aria-expanded="false"
        aria-label="Toggle navigation"
        className="navbar-toggler"
        data-target="#navbarSupportedContent"
        data-toggle="collapse"
        type="button"
      >
        <span
          className="navbar-toggler-icon"
        />
      </button>
      <div
        className="collapse navbar-collapse"
        id="navbarSupportedContent"
      >
        <ul
          className="navbar-nav ml-auto"
        >
          <li
            className="nav-item"
          >
            <Link
              className="nav-link navbar-brand"
              onlyActiveOnIndex={false}
              style={Object {}}
              to="/recipes"
            >
              Home
            </Link>
          </li>
        </ul>
      </div>
    </nav>
  </header>
  <div
    className="container main"
  >
    <div
      className="pt-5 main-div"
      style={
        Object {
          "textAlign": "center",
        }
      }
    >
      <img
        alt="error"
        className="img-fluid rounded-circle"
        name="image"
        src="http://clipartmag.com/images/oops-emoticon-17.jpg"
      />
      <h1>
        Page Not Found
      </h1>
      <div>
        <Link
          className="vote-button errorBtn"
          id="remove-link"
          onlyActiveOnIndex={false}
          style={Object {}}
          to="/recipes"
        >
          Go Back
        </Link>
      </div>
    </div>
  </div>
  <Footer />
</div>
`;
